// Jest Snapshot v1, https://goo.gl/fbAQLP

exports[`VehicleDisplay with normal props 1`] = `"<div class=\\"col-xs-12 col-sm-6 col-lg-4\\"><div class=\\"vehicleDisplay-container \\"><div class=\\"vehicleDisplay-headerInfo\\"><div class=\\"vehicleDisplay-pricingText\\">Â£10</div><div class=\\"vehicleDisplay-pricingSubtext\\">A month</div></div><img src=\\"https://s3-eu-west-2.amazonaws.com/drover-public/uploads/stock_image/image/5661/main_C1_Puretech_Blue.png\\" alt=\\"Vehicle\\" class=\\"vehicleDisplay-vehicleImage\\"><div class=\\"vehicleDisplay-footerInfo\\"><div class=\\"vehicleDisplay-vehicleYear\\">2017 Citroen</div><div class=\\"vehicleDisplay-vehicleModel\\">C1 Feel Puretech - 1.2</div></div></div></div>"`;
