// Jest Snapshot v1, https://goo.gl/fbAQLP

exports[`FilterDropdown with normal props 1`] = `"<div class=\\"filterDropdown-container\\"><div class=\\"filterDropdown-label\\">Car Make</div><div name=\\"vehicle_make\\" role=\\"listbox\\" aria-expanded=\\"false\\" class=\\"ui fluid floating selection dropdown\\" tabindex=\\"0\\"><div class=\\"default text\\" role=\\"alert\\" aria-live=\\"polite\\">Any</div><i aria-hidden=\\"true\\" class=\\"dropdown icon\\"></i><div class=\\"menu transition\\"><div style=\\"pointer-events: all;\\" role=\\"option\\" aria-checked=\\"false\\" aria-selected=\\"true\\" class=\\"selected item\\"><span class=\\"text\\">Any</span></div><div style=\\"pointer-events: all;\\" role=\\"option\\" aria-checked=\\"false\\" aria-selected=\\"false\\" class=\\"item\\"><span class=\\"text\\">Car</span></div></div></div></div>"`;
