// Jest Snapshot v1, https://goo.gl/fbAQLP

exports[`FilterDisplay with normal props 1`] = `"<div class=\\"filterDisplay-container\\"><div class=\\"filterDropdown-container\\"><div class=\\"filterDropdown-label\\">Car Make</div><div name=\\"vehicle_make\\" role=\\"listbox\\" aria-expanded=\\"false\\" class=\\"ui fluid floating selection dropdown\\" tabindex=\\"0\\"><div class=\\"default text\\" role=\\"alert\\" aria-live=\\"polite\\">Any</div><i aria-hidden=\\"true\\" class=\\"dropdown icon\\"></i><div class=\\"menu transition\\"><div style=\\"pointer-events: all;\\" role=\\"option\\" aria-checked=\\"false\\" aria-selected=\\"true\\" class=\\"selected item\\"><span class=\\"text\\">Any</span></div><div style=\\"pointer-events: all;\\" role=\\"option\\" aria-checked=\\"false\\" aria-selected=\\"false\\" class=\\"item\\"><span class=\\"text\\">Peugeot (60)</span></div></div></div></div><div class=\\"filterDropdown-container\\"><div class=\\"filterDropdown-label\\">Gearbox</div><div name=\\"transmission\\" role=\\"listbox\\" aria-expanded=\\"false\\" class=\\"ui fluid floating selection dropdown\\" tabindex=\\"0\\"><div class=\\"default text\\" role=\\"alert\\" aria-live=\\"polite\\">Any</div><i aria-hidden=\\"true\\" class=\\"dropdown icon\\"></i><div class=\\"menu transition\\"><div style=\\"pointer-events: all;\\" role=\\"option\\" aria-checked=\\"false\\" aria-selected=\\"true\\" class=\\"selected item\\"><span class=\\"text\\">Any</span></div><div style=\\"pointer-events: all;\\" role=\\"option\\" aria-checked=\\"false\\" aria-selected=\\"false\\" class=\\"item\\"><span class=\\"text\\">manual (110)</span></div></div></div></div><div class=\\"filterDropdown-container\\"><div class=\\"filterDropdown-label\\">Fuel Type</div><div name=\\"fuel\\" role=\\"listbox\\" aria-expanded=\\"false\\" class=\\"ui fluid floating selection dropdown\\" tabindex=\\"0\\"><div class=\\"default text\\" role=\\"alert\\" aria-live=\\"polite\\">Any</div><i aria-hidden=\\"true\\" class=\\"dropdown icon\\"></i><div class=\\"menu transition\\"><div style=\\"pointer-events: all;\\" role=\\"option\\" aria-checked=\\"false\\" aria-selected=\\"true\\" class=\\"selected item\\"><span class=\\"text\\">Any</span></div><div style=\\"pointer-events: all;\\" role=\\"option\\" aria-checked=\\"false\\" aria-selected=\\"false\\" class=\\"item\\"><span class=\\"text\\">petrol (100)</span></div></div></div></div><div class=\\"filterDropdown-container\\"><div class=\\"filterDropdown-label\\">Body Type</div><div name=\\"body_type\\" role=\\"listbox\\" aria-expanded=\\"false\\" class=\\"ui fluid floating selection dropdown\\" tabindex=\\"0\\"><div class=\\"default text\\" role=\\"alert\\" aria-live=\\"polite\\">Any</div><i aria-hidden=\\"true\\" class=\\"dropdown icon\\"></i><div class=\\"menu transition\\"><div style=\\"pointer-events: all;\\" role=\\"option\\" aria-checked=\\"false\\" aria-selected=\\"true\\" class=\\"selected item\\"><span class=\\"text\\">Any</span></div><div style=\\"pointer-events: all;\\" role=\\"option\\" aria-checked=\\"false\\" aria-selected=\\"false\\" class=\\"item\\"><span class=\\"text\\">hatchback (86)</span></div></div></div></div><div class=\\"filterInput-container\\"><div class=\\"filterInput-label\\">Location</div><div class=\\"ui action input\\"><input placeholder=\\"London, Uk\\" name=\\"location\\" type=\\"text\\"><button class=\\"ui icon button\\"><i aria-hidden=\\"true\\" class=\\"search icon\\"></i></button></div></div></div>"`;
